[33mWARNING: The legacy expo-cli does not support Node +17. Migrate to the new local Expo CLI: https://blog.expo.dev/the-new-expo-cli-f4250d8e3421.[39m
[18:02:08] Starting project at d:\codes\agriscan_app\Agriscan
[18:02:08] Unable to find expo in this project - have you run yarn / npm install yet?
